Microchip MPLAB XC8 Compiler V1.31 ()

Linker command line:

--edf=G:\Program Files (x86)\Microchip\xc8\v1.31\dat\en_msgs.txt -cs \
  -h+dist/default/debug\ledciha.X.debug.sym \
  --cmf=dist/default/debug\ledciha.X.debug.cmf -z -Q16F677 \
  -oC:\Users\horiba\AppData\Local\Temp\suk.6 \
  -Mdist/default/debug/ledciha.X.debug.map -E1 -ver=XC8 -ASTACK=020h-064h \
  -pstack=STACK -ACONST=00h-0FFhx7 -ACODE=00h-06FFh -ASTRCODE=00h-06FFh \
  -AENTRY=00h-0FFhx7 -ASTRING=00h-0FFhx7 -ACOMMON=071h-07Fh \
  -ABANK0=020h-064h -ABANK1=0A0h-0BFh -ARAM=020h-064h,0A0h-0BFh \
  -AABS1=020h-07Fh,0A0h-0BFh -ASFR0=00h-01Fh -ASFR1=080h-09Fh \
  -ASFR2=0100h-0170h -ASFR3=0180h-01F0h \
  -preset_vec=00h,intentry,init,end_init -ppowerup=CODE -pcinit=CODE \
  -pfunctab=CODE -ACONFIG=02007h-02007h -pconfig=CONFIG -DCONFIG=2 \
  -AIDLOC=02000h-02003h -pidloc=IDLOC -DIDLOC=2 -AEEDATA=00h-0FFh/02100h \
  -peeprom_data=EEDATA -DEEDATA=2 -DCODE=2 -DSTRCODE=2 -DSTRING=2 -DCONST=2 \
  -DENTRY=2 -k C:\Users\horiba\AppData\Local\Temp\suk.obj \
  dist/default/debug\ledciha.X.debug.obj 

Object code version is 3.11

Machine type is 16F677



                Name                               Link     Load   Length Selector   Space Scale
C:\Users\horiba\AppData\Local\Temp\suk.obj
                end_init                              1        1        1        0       0
                reset_vec                             0        0        1        0       0
                config                             2007     2007        1     400E       0
dist/default/debug\ledciha.X.debug.obj
                cinit                               6FE      6FE        2      DFC       0
                cstackCOMMON                         71       71        7       71       1
                maintext                            6DC      6DC       22      DB8       0

TOTAL           Name                               Link     Load   Length     Space
        CLASS   STACK          

        CLASS   CONST          

        CLASS   CODE           
                end_init                              1        1        1         0
                cinit                               6FE      6FE        2         0
                reset_vec                             0        0        1         0
                maintext                            6DC      6DC       22         0

        CLASS   STRCODE        

        CLASS   ENTRY          

        CLASS   STRING         

        CLASS   COMMON         
                cstackCOMMON                         71       71        7         1

        CLASS   BANK0          

        CLASS   BANK1          

        CLASS   RAM            

        CLASS   ABS1           
                abs_s1                               7E       7E        2         1

        CLASS   SFR0           

        CLASS   SFR1           

        CLASS   SFR2           

        CLASS   SFR3           

        CLASS   CONFIG         
                config                             2007     2007        1         0

        CLASS   IDLOC          

        CLASS   EEDATA         

        CLASS   BANK3          

        CLASS   BANK2          



SEGMENTS        Name                           Load    Length   Top    Selector   Space  Class     Delta

                reset_vec                      000000  000002  000002         0       0  CODE        2
                cstackCOMMON                   000071  000007  000078        71       1  COMMON      1
                maintext                       0006DC  000022  0006FE       DB8       0  CODE        2
                cinit                          0006FE  000002  000700       DFC       0  CODE        2
                config                         002007  000001  002008      400E       0  CONFIG      2


UNUSED ADDRESS RANGES

        Name                Unused          Largest block    Delta
        BANK0            0020-0064             45           1
        BANK1            00A0-00BF             20           1
        CODE             0002-06DB            6DA           2
        COMMON           0078-007D              6           1
        CONST            0002-06DB            100           2
        EEDATA           2100-21FF            100           2
        ENTRY            0002-06DB            100           2
        IDLOC            2000-2003              4           2
        RAM              0020-0064             45           1
                         00A0-00BF             20
        SFR0             0000-001F             20           1
        SFR1             0080-009F             20           1
        SFR2             0100-0170             71           1
        SFR3             0180-01F0             71           1
        STACK            0020-0064             45           1
        STRCODE          0002-06DB            6DA           2
        STRING           0002-06DB            100           2

                                  Symbol Table

_ANSEL                   (abs)        011E
_RC0                     (abs)        0038
_TRISA                   (abs)        0085
__CFG_BOREN$OFF          (abs)        0000
__CFG_CP$OFF             (abs)        0000
__CFG_CPD$OFF            (abs)        0000
__CFG_MCLRE$OFF          (abs)        0000
__CFG_WDTE$OFF           (abs)        0000
__Habs1                  abs1         0000
__Hbank0                 bank0        0000
__Hbank1                 bank1        0000
__Hbank2                 bank2        0000
__Hbank3                 bank3        0000
__Hcinit                 cinit        0700
__Hclrtext               clrtext      0000
__Hcode                  code         0000
__Hcommon                common       0000
__Hconfig                config       2008
__HcstackCOMMON          cstackCOMMON 0000
__Heeprom_data           eeprom_data  0000
__Hend_init              end_init     0002
__Hfunctab               functab      0000
__Hidloc                 idloc        0000
__Hinit                  init         0001
__Hintentry              intentry     0001
__Hmaintext              maintext     0000
__Hpowerup               powerup      0000
__Hram                   ram          0000
__Hreset_vec             reset_vec    0001
__Hsfr0                  sfr0         0000
__Hsfr1                  sfr1         0000
__Hsfr2                  sfr2         0000
__Hsfr3                  sfr3         0000
__Hstack                 stack        0000
__Hstrings               strings      0000
__Htext                  text         0000
__Labs1                  abs1         0000
__Lbank0                 bank0        0000
__Lbank1                 bank1        0000
__Lbank2                 bank2        0000
__Lbank3                 bank3        0000
__Lcinit                 cinit        06FE
__Lclrtext               clrtext      0000
__Lcode                  code         0000
__Lcommon                common       0000
__Lconfig                config       2007
__LcstackCOMMON          cstackCOMMON 0000
__Leeprom_data           eeprom_data  0000
__Lend_init              end_init     0001
__Lfunctab               functab      0000
__Lidloc                 idloc        0000
__Linit                  init         0001
__Lintentry              intentry     0001
__Lmaintext              maintext     0000
__Lpowerup               powerup      0000
__Lram                   ram          0000
__Lreset_vec             reset_vec    0000
__Lsfr0                  sfr0         0000
__Lsfr1                  sfr1         0000
__Lsfr2                  sfr2         0000
__Lsfr3                  sfr3         0000
__Lstack                 stack        0000
__Lstrings               strings      0000
__Ltext                  text         0000
__S0                     (abs)        2008
__S1                     (abs)        0078
__S2                     (abs)        0000
__S3                     (abs)        0000
___int_sp                stack        0000
___latbits               (abs)        0000
___sp                    stack        0000
__end_of__initialization cinit        06FE
__end_of_main            maintext     06FE
__initialization         cinit        06FE
__pcstackCOMMON          cstackCOMMON 0071
__pmaintext              maintext     06DC
__size_of_main           (abs)        0000
_main                    maintext     06DC
btemp                    (abs)        007E
end_of_initialization    cinit        06FE
intlevel0                functab      0000
intlevel1                functab      0000
intlevel2                functab      0000
intlevel3                functab      0000
intlevel4                functab      0000
intlevel5                functab      0000
ltemp                    (abs)        007E
ltemp0                   (abs)        007E
ltemp1                   (abs)        0082
ltemp2                   (abs)        0086
ltemp3                   (abs)        0080
reset_vec                reset_vec    0000
stackhi                  (abs)        0000
stacklo                  (abs)        0000
start                    init         0001
start_initialization     cinit        06FE
ttemp                    (abs)        007E
ttemp0                   (abs)        007E
ttemp1                   (abs)        0081
ttemp2                   (abs)        0084
ttemp3                   (abs)        0087
ttemp4                   (abs)        007F
wtemp                    (abs)        007E
wtemp0                   (abs)        007E
wtemp1                   (abs)        0080
wtemp2                   (abs)        0082
wtemp3                   (abs)        0084
wtemp4                   (abs)        0086
wtemp5                   (abs)        0088
wtemp6                   (abs)        007F


FUNCTION INFORMATION:

 *************** function _main *****************
 Defined at:
		line 25 in file "pictest.c"
 Parameters:    Size  Location     Type
  argc            2    0[COMMON] int 
  argv            2    2[COMMON] PTR PTR unsigned char 
 Auto vars:     Size  Location     Type
		None
 Return value:  Size  Location     Type
                  2    0[COMMON] int 
 Registers used:
		wreg, status,2
 Tracked objects:
		On entry : 
		On exit  : 
		Unchanged: 
 Data sizes:     COMMON   BANK0   BANK1
      Params:         4       0       0
      Locals:         0       0       0
      Temps:          3       0       0
      Totals:         7       0       0
Total ram usage:        7 bytes
 This function calls:
		Nothing
 This function is called by:
		Startup code after reset
 This function uses a non-reentrant model



MODULE INFORMATION

Module		Function		Class		Link	Load	Size
shared
		__initializatio		CODE           	06FE	0000	0

shared estimated size: 0

pictest.c
		_main          		CODE           	06DC	0000	34

pictest.c estimated size: 34

