Microchip MPLAB XC8 Compiler V1.31 ()

Linker command line:

--edf=G:\Program Files (x86)\Microchip\xc8\v1.31\dat\en_msgs.txt -cs \
  -h+dist/default/production\Dotmatrix6.X.production.sym \
  --cmf=dist/default/production\Dotmatrix6.X.production.cmf -z -Q16F877A \
  -oC:\Users\horiba\AppData\Local\Temp\s8e8.6 \
  -Mdist/default/production/Dotmatrix6.X.production.map -E1 -ver=XC8 \
  -ASTACK=0110h-016fh -pstack=STACK -ACONST=00h-0FFhx32 -ACODE=00h-07FFhx4 \
  -ASTRCODE=00h-01FFFh -AENTRY=00h-0FFhx32 -ASTRING=00h-0FFhx32 \
  -ACOMMON=070h-07Fh -ABANK0=020h-06Fh -ABANK1=0A0h-0EFh \
  -ABANK2=0110h-016Fh -ABANK3=0190h-01EFh \
  -ARAM=020h-06Fh,0A0h-0EFh,0110h-016Fh,0190h-01EFh \
  -AABS1=020h-07Fh,0A0h-0EFh,0110h-016Fh,0190h-01EFh -ASFR0=00h-01Fh \
  -ASFR1=080h-09Fh -ASFR2=0100h-010Fh -ASFR3=0180h-018Fh \
  -preset_vec=00h,intentry,init,end_init -ppowerup=CODE -pcinit=CODE \
  -pfunctab=CODE -ACONFIG=02007h-02007h -pconfig=CONFIG -DCONFIG=2 \
  -AIDLOC=02000h-02003h -pidloc=IDLOC -DIDLOC=2 -AEEDATA=00h-0FFh/02100h \
  -peeprom_data=EEDATA -DEEDATA=2 -DCODE=2 -DSTRCODE=2 -DSTRING=2 -DCONST=2 \
  -DENTRY=2 -k C:\Users\horiba\AppData\Local\Temp\s8e8.obj \
  dist/default/production\Dotmatrix6.X.production.obj 

Object code version is 3.11

Machine type is 16F877A



                Name                               Link     Load   Length Selector   Space Scale
C:\Users\horiba\AppData\Local\Temp\s8e8.obj
                end_init                              0        0        3        0       0
                config                             2007     2007        1     400E       0
dist/default/production\Dotmatrix6.X.production.obj
                cinit                               7F0      7F0       10      FE0       0
                text4                               5C7      5C7       2E      B8E       0
                text3                               6A0      6A0       89      D40       0
                text2                               729      729       C7      E52       0
                text1                               5F5      5F5       3F      BEA       0
                maintext                            634      634       6C      C68       0
                cstackBANK0                          20       20       46       20       1
                cstackCOMMON                         70       70        E       70       1
                cstackBANK1                          C0       C0       20       A0       1
                inittext                            596      596       11      B2C       0
                dataBANK1                            A0       A0       20       A0       1
                idataBANK1                          5A7      5A7       20      B4E       0

TOTAL           Name                               Link     Load   Length     Space
        CLASS   STACK          

        CLASS   CONST          

        CLASS   CODE           
                end_init                              0        0        3         0
                cinit                               7F0      7F0       10         0
                text4                               5C7      5C7       2E         0
                text3                               6A0      6A0       89         0
                text2                               729      729       C7         0
                text1                               5F5      5F5       3F         0
                maintext                            634      634       6C         0
                inittext                            596      596       11         0
                idataBANK1                          5A7      5A7       20         0

        CLASS   STRCODE        

        CLASS   ENTRY          

        CLASS   STRING         

        CLASS   COMMON         
                cstackCOMMON                         70       70        E         1

        CLASS   BANK0          
                cstackBANK0                          20       20       46         1

        CLASS   BANK1          
                cstackBANK1                          C0       C0       20         1
                dataBANK1                            A0       A0       20         1

        CLASS   BANK2          

        CLASS   BANK3          

        CLASS   RAM            

        CLASS   ABS1           
                abs_s1                               7E       7E        2         1

        CLASS   SFR0           

        CLASS   SFR1           

        CLASS   SFR2           

        CLASS   SFR3           

        CLASS   CONFIG         
                config                             2007     2007        1         0

        CLASS   IDLOC          

        CLASS   EEDATA         



SEGMENTS        Name                           Load    Length   Top    Selector   Space  Class     Delta

                reset_vec                      000000  000003  000003         0       0  CODE        2
                cstackBANK0                    000020  000046  000066        20       1  BANK0       1
                cstackCOMMON                   000070  00000E  00007E        70       1  COMMON      1
                dataBANK1                      0000A0  000040  0000E0        A0       1  BANK1       1
                inittext                       000596  000011  0005A7       B2C       0  CODE        2
                idataBANK1                     0005A7  000020  0005C7       B4E       0  CODE        2
                text4                          0005C7  00002E  0005F5       B8E       0  CODE        2
                text1                          0005F5  00003F  000634       BEA       0  CODE        2
                maintext                       000634  00006C  0006A0       C68       0  CODE        2
                text3                          0006A0  000089  000729       D40       0  CODE        2
                text2                          000729  0000C7  0007F0       E52       0  CODE        2
                cinit                          0007F0  000010  000800       FE0       0  CODE        2
                config                         002007  000001  002008      400E       0  CONFIG      2


UNUSED ADDRESS RANGES

        Name                Unused          Largest block    Delta
        BANK0            0066-006F              A           1
        BANK1            00E0-00EF             10           1
        BANK2            0110-016F             60           1
        BANK3            0190-01EF             60           1
        CODE             0003-0595            593           2
                         0800-1FFF            800
        CONST            0003-0595            100           2
                         0800-1FFF            100
        EEDATA           2100-21FF            100           2
        ENTRY            0003-0595            100           2
                         0800-1FFF            100
        IDLOC            2000-2003              4           2
        RAM              0066-006F              A           1
                         00E0-00EF             10
                         0110-016F             60
                         0190-01EF             60
        SFR0             0000-001F             20           1
        SFR1             0080-009F             20           1
        SFR2             0100-010F             10           1
        SFR3             0180-018F             10           1
        STACK            0110-016F             60           1
        STRCODE          0003-0595            593           2
                         0800-1FFF           1800
        STRING           0003-0595            100           2
                         0800-1FFF            100

                                  Symbol Table

_PORTB                   (abs)        0006
_PORTC                   (abs)        0007
_PORTD                   (abs)        0008
_TRISB                   (abs)        0086
_TRISC                   (abs)        0087
_TRISD                   (abs)        0088
__CFG_BOREN$OFF          (abs)        0000
__CFG_CP$OFF             (abs)        0000
__CFG_CPD$OFF            (abs)        0000
__CFG_DEBUG$OFF          (abs)        0000
__CFG_FOSC$HS            (abs)        0000
__CFG_LVP$OFF            (abs)        0000
__CFG_PWRTE$ON           (abs)        0000
__CFG_WDTE$OFF           (abs)        0000
__CFG_WRT$OFF            (abs)        0000
__Habs1                  abs1         0000
__Hbank0                 bank0        0000
__Hbank1                 bank1        0000
__Hbank2                 bank2        0000
__Hbank3                 bank3        0000
__Hcinit                 cinit        0800
__Hclrtext               clrtext      0000
__Hcode                  code         0000
__Hcommon                common       0000
__Hconfig                config       2008
__HcstackBANK0           cstackBANK0  0000
__HcstackBANK1           cstackBANK1  0000
__HcstackCOMMON          cstackCOMMON 0000
__HdataBANK1             dataBANK1    0000
__Heeprom_data           eeprom_data  0000
__Hend_init              end_init     0003
__Hfunctab               functab      0000
__HidataBANK1            idataBANK1   0000
__Hidloc                 idloc        0000
__Hinit                  init         0000
__Hinittext              inittext     0000
__Hintentry              intentry     0000
__Hmaintext              maintext     0000
__Hpowerup               powerup      0000
__Hram                   ram          0000
__Hreset_vec             reset_vec    0000
__Hsfr0                  sfr0         0000
__Hsfr1                  sfr1         0000
__Hsfr2                  sfr2         0000
__Hsfr3                  sfr3         0000
__Hstack                 stack        0000
__Hstrings               strings      0000
__Htext                  text         0000
__Labs1                  abs1         0000
__Lbank0                 bank0        0000
__Lbank1                 bank1        0000
__Lbank2                 bank2        0000
__Lbank3                 bank3        0000
__Lcinit                 cinit        07F0
__Lclrtext               clrtext      0000
__Lcode                  code         0000
__Lcommon                common       0000
__Lconfig                config       2007
__LcstackBANK0           cstackBANK0  0000
__LcstackBANK1           cstackBANK1  0000
__LcstackCOMMON          cstackCOMMON 0000
__LdataBANK1             dataBANK1    0000
__Leeprom_data           eeprom_data  0000
__Lend_init              end_init     0000
__Lfunctab               functab      0000
__LidataBANK1            idataBANK1   0000
__Lidloc                 idloc        0000
__Linit                  init         0000
__Linittext              inittext     0000
__Lintentry              intentry     0000
__Lmaintext              maintext     0000
__Lpowerup               powerup      0000
__Lram                   ram          0000
__Lreset_vec             reset_vec    0000
__Lsfr0                  sfr0         0000
__Lsfr1                  sfr1         0000
__Lsfr2                  sfr2         0000
__Lsfr3                  sfr3         0000
__Lstack                 stack        0000
__Lstrings               strings      0000
__Ltext                  text         0000
__S0                     (abs)        2008
__S1                     (abs)        00E0
__S2                     (abs)        0000
__S3                     (abs)        0000
___int_sp                stack        0000
___latbits               (abs)        0002
___sp                    stack        0000
__end_of__initialization cinit        07FC
__end_of_copy            text4        05F5
__end_of_line            text2        07F0
__end_of_main            maintext     06A0
__end_of_scroll          text3        0729
__end_of_word2           text1        0634
__initialization         cinit        07F0
__pcstackBANK0           cstackBANK0  0020
__pcstackBANK1           cstackBANK1  00C0
__pcstackCOMMON          cstackCOMMON 0070
__pdataBANK1             dataBANK1    00A0
__pidataBANK1            idataBANK1   05A7
__pmaintext              maintext     0634
__ptext1                 text1        05F5
__ptext2                 text2        0729
__ptext3                 text3        06A0
__ptext4                 text4        05C7
__size_of_copy           (abs)        0000
__size_of_line           (abs)        0000
__size_of_main           (abs)        0000
__size_of_scroll         (abs)        0000
__size_of_word2          (abs)        0000
_copy                    text4        05C7
_line                    text2        0729
_main                    maintext     0634
_scroll                  text3        06A0
_word2                   text1        05F5
btemp                    (abs)        007E
copy@copy                cstackCOMMON 0070
copy@i                   cstackCOMMON 0078
copy@origin              cstackCOMMON 0077
end_of_initialization    cinit        07FC
init_fetch0              inittext     0596
init_ram0                inittext     059A
intlevel0                functab      0000
intlevel1                functab      0000
intlevel2                functab      0000
intlevel3                functab      0000
intlevel4                functab      0000
intlevel5                functab      0000
line@data1               cstackCOMMON 0070
line@data2               cstackCOMMON 0071
line@line                cstackCOMMON 0072
ltemp                    (abs)        007E
ltemp0                   (abs)        007E
ltemp1                   (abs)        0082
ltemp2                   (abs)        0086
ltemp3                   (abs)        0080
main@F1185               dataBANK1    00A0
main@i                   cstackBANK0  0064
main@tmp                 cstackBANK0  0044
main@w1                  cstackBANK0  0024
main@w2                  cstackBANK1  00C0
reset_vec                reset_vec    0000
scroll@i                 cstackCOMMON 0078
scroll@j                 cstackCOMMON 007A
scroll@w                 cstackCOMMON 0077
scroll@w2                cstackCOMMON 0070
stackhi                  (abs)        0000
stacklo                  (abs)        0000
start                    init         0000
start_initialization     cinit        07F0
ttemp                    (abs)        007E
ttemp0                   (abs)        007E
ttemp1                   (abs)        0081
ttemp2                   (abs)        0084
ttemp3                   (abs)        0087
ttemp4                   (abs)        007F
word2@a                  cstackCOMMON 007B
word2@i                  cstackCOMMON 007C
wtemp                    (abs)        007E
wtemp0                   (abs)        007E
wtemp1                   (abs)        0080
wtemp2                   (abs)        0082
wtemp3                   (abs)        0084
wtemp4                   (abs)        0086
wtemp5                   (abs)        0088
wtemp6                   (abs)        007F


FUNCTION INFORMATION:

 *************** function _main *****************
 Defined at:
		line 34 in file "dotmatrix6.c"
 Parameters:    Size  Location     Type
		None
 Auto vars:     Size  Location     Type
  i               2   68[BANK0 ] int 
  w2             32    0[BANK1 ] unsigned int [16]
  tmp            32   36[BANK0 ] unsigned int [16]
  w1             32    4[BANK0 ] unsigned int [16]
 Return value:  Size  Location     Type
		None               void
 Registers used:
		wreg, fsr0l, fsr0h, status,2, status,0, btemp+1, pclath, cstack
 Tracked objects:
		On entry : 
		On exit  : 
		Unchanged: 
 Data sizes:     COMMON   BANK0   BANK1   BANK3   BANK2
      Params:         0       0       0       0       0
      Locals:         0      66      32       0       0
      Temps:          0       4       0       0       0
      Totals:         0      70      32       0       0
Total ram usage:      102 bytes
 Hardware stack levels required when called:    2
 This function calls:
		_copy
		_scroll
		_word2
 This function is called by:
		Startup code after reset
 This function uses a non-reentrant model


 *************** function _word2 *****************
 Defined at:
		line 106 in file "dotmatrix6.c"
 Parameters:    Size  Location     Type
  a               1    wreg     PTR unsigned int 
		 -> main@w2(32), 
 Auto vars:     Size  Location     Type
  a               1   11[COMMON] PTR unsigned int 
		 -> main@w2(32), 
  i               2   12[COMMON] int 
 Return value:  Size  Location     Type
		None               void
 Registers used:
		wreg, fsr0l, fsr0h, status,2, status,0, btemp+1, pclath, cstack
 Tracked objects:
		On entry : 
		On exit  : 
		Unchanged: 
 Data sizes:     COMMON   BANK0   BANK1   BANK3   BANK2
      Params:         0       0       0       0       0
      Locals:         3       0       0       0       0
      Temps:          8       0       0       0       0
      Totals:        11       0       0       0       0
Total ram usage:       11 bytes
 Hardware stack levels used:    1
 Hardware stack levels required when called:    1
 This function calls:
		_line
 This function is called by:
		_main
 This function uses a non-reentrant model


 *************** function _line *****************
 Defined at:
		line 112 in file "dotmatrix6.c"
 Parameters:    Size  Location     Type
  line            1    wreg     unsigned char 
  data1           1    0[COMMON] unsigned char 
  data2           1    1[COMMON] unsigned char 
 Auto vars:     Size  Location     Type
  line            1    2[COMMON] unsigned char 
 Return value:  Size  Location     Type
                  2    0[COMMON] int 
 Registers used:
		wreg, fsr0l, fsr0h, status,2, status,0
 Tracked objects:
		On entry : 
		On exit  : 
		Unchanged: 
 Data sizes:     COMMON   BANK0   BANK1   BANK3   BANK2
      Params:         2       0       0       0       0
      Locals:         1       0       0       0       0
      Temps:          0       0       0       0       0
      Totals:         3       0       0       0       0
Total ram usage:        3 bytes
 Hardware stack levels used:    1
 This function calls:
		Nothing
 This function is called by:
		_word2
		_word
 This function uses a non-reentrant model


 *************** function _scroll *****************
 Defined at:
		line 62 in file "dotmatrix6.c"
 Parameters:    Size  Location     Type
  w               1    wreg     PTR unsigned int 
		 -> main@w2(32), 
  w2              1    0[COMMON] PTR unsigned int 
		 -> main@tmp(32), 
 Auto vars:     Size  Location     Type
  w               1    7[COMMON] PTR unsigned int 
		 -> main@w2(32), 
  j               2   10[COMMON] int 
  i               2    8[COMMON] int 
 Return value:  Size  Location     Type
		None               void
 Registers used:
		wreg, fsr0l, fsr0h, status,2, status,0, btemp+1
 Tracked objects:
		On entry : 
		On exit  : 
		Unchanged: 
 Data sizes:     COMMON   BANK0   BANK1   BANK3   BANK2
      Params:         1       0       0       0       0
      Locals:         5       0       0       0       0
      Temps:          6       0       0       0       0
      Totals:        12       0       0       0       0
Total ram usage:       12 bytes
 Hardware stack levels used:    1
 This function calls:
		Nothing
 This function is called by:
		_main
 This function uses a non-reentrant model


 *************** function _copy *****************
 Defined at:
		line 57 in file "dotmatrix6.c"
 Parameters:    Size  Location     Type
  origin          1    wreg     PTR unsigned int 
		 -> main@w1(32), 
  copy            1    0[COMMON] PTR unsigned int 
		 -> main@w2(32), main@tmp(32), 
 Auto vars:     Size  Location     Type
  origin          1    7[COMMON] PTR unsigned int 
		 -> main@w1(32), 
  i               2    8[COMMON] int 
 Return value:  Size  Location     Type
		None               void
 Registers used:
		wreg, fsr0l, fsr0h, status,2, status,0, btemp+1
 Tracked objects:
		On entry : 
		On exit  : 
		Unchanged: 
 Data sizes:     COMMON   BANK0   BANK1   BANK3   BANK2
      Params:         1       0       0       0       0
      Locals:         3       0       0       0       0
      Temps:          6       0       0       0       0
      Totals:        10       0       0       0       0
Total ram usage:       10 bytes
 Hardware stack levels used:    1
 This function calls:
		Nothing
 This function is called by:
		_main
 This function uses a non-reentrant model



MODULE INFORMATION

Module		Function		Class		Link	Load	Size
shared
		__initializatio		CODE           	07F0	0000	12

shared estimated size: 12

dotmatrix6.c
		_main          		CODE           	0634	0000	108
		_scroll        		CODE           	06A0	0000	137
		_copy          		CODE           	05C7	0000	46
		_word2         		CODE           	05F5	0000	63
		_line          		CODE           	0729	0000	199

dotmatrix6.c estimated size: 553

